14:09:26 **** Rebuild of configuration Debug for project nausicaa_bms ****
Info: Internal Builder is used for build
arm-atollic-eabi-gcc -c ..\src\system_stm32l1xx.c -mthumb -mcpu=cortex-m3 -std=gnu11 -DSTM32L152xE -I../src -I../Drivers/CMSIS/Include -I../Drivers/CMSIS/Device/ST/STM32L1xx/Include -I../Drivers/STM32L1xx_HAL_Driver/Inc -O0 -ffunction-sections -fdata-sections -g -fstack-usage -Wall -specs=nano.specs -o src\system_stm32l1xx.o 
arm-atollic-eabi-gcc -c ..\src\main.c -mthumb -mcpu=cortex-m3 -std=gnu11 -DSTM32L152xE -I../src -I../Drivers/CMSIS/Include -I../Drivers/CMSIS/Device/ST/STM32L1xx/Include -I../Drivers/STM32L1xx_HAL_Driver/Inc -O0 -ffunction-sections -fdata-sections -g -fstack-usage -Wall -specs=nano.specs -o src\main.o 
arm-atollic-eabi-gcc -c -mthumb -mcpu=cortex-m3 -DSTM32L152xE -I../src -I../Drivers/CMSIS/Include -I../Drivers/CMSIS/Device/ST/STM32L1xx/Include -I../Drivers/STM32L1xx_HAL_Driver/Inc -g -Wa,--warn -x assembler-with-cpp -specs=nano.specs -o src\startup_stm32l152xe.o ..\src\startup_stm32l152xe.s 
arm-atollic-eabi-gcc -c ..\src\tiny_printf.c -mthumb -mcpu=cortex-m3 -std=gnu11 -DSTM32L152xE -I../src -I../Drivers/CMSIS/Include -I../Drivers/CMSIS/Device/ST/STM32L1xx/Include -I../Drivers/STM32L1xx_HAL_Driver/Inc -O0 -ffunction-sections -fdata-sections -g -fstack-usage -Wall -specs=nano.specs -o src\tiny_printf.o 
arm-atollic-eabi-gcc -o nausicaa_bms.elf src\main.o src\startup_stm32l152xe.o src\system_stm32l1xx.o src\tiny_printf.o -mthumb -mcpu=cortex-m3 -T../stm32_ram.ld -specs=nosys.specs -static -Wl,-cref,-u,Reset_Handler -Wl,-Map=nausicaa_bms.map -Wl,--gc-sections -Wl,--defsym=malloc_getpagesize_P=0x80 -Wl,--start-group -lc -lm -Wl,--end-group -specs=nano.specs 
C:\Program Files (x86)\Atollic\TrueSTUDIO for STM32 9.3.0\ide\jre\bin\java -jar C:\Program Files (x86)\Atollic\TrueSTUDIO for STM32 9.3.0\Tools\arm-atollic-reports.jar sizeinfo list nausicaa_bms.elf 
Generate build reports...
Print size information
   text	   data	    bss	    dec	    hex	filename
   1332	     12	   1052	   2396	    95c	nausicaa_bms.elf
Print size information done
Generate listing file
Output sent to: nausicaa_bms.list
Generate listing file done
Generate build reports done

14:09:28 Build Finished (took 1s.922ms)

